Using pre-set license
Built from '2020.3/release' branch; Version is '2020.3.7f1 (dd97f2c94397) revision 14522354'; Using compiler version '192528614'; Build Type 'Release'
OS: 'Windows 10 Home; OS build 26100.4202; Version 2009; 64bit' Language: 'en' Physical Memory: 15674 MB
BatchMode: 1, IsHumanControllingUs: 0, StartBugReporterOnCrash: 0, Is64bit: 1, IsPro: 0

 COMMAND LINE ARGUMENTS:
C:\Program Files\Unity\Hub\Editor\2020.3.7f1\Editor\Unity.exe
-adb2
-batchMode
-noUpm
-name
AssetImportWorker0
-projectPath
C:/Users/qingw/OneDrive/Desktop/Wise-Clicks (WSS)/Wise-Clicks
-logFile
Logs/AssetImportWorker0.log
-srvPort
59213
Successfully changed project path to: C:/Users/qingw/OneDrive/Desktop/Wise-Clicks (WSS)/Wise-Clicks
C:/Users/qingw/OneDrive/Desktop/Wise-Clicks (WSS)/Wise-Clicks
Using Asset Import Pipeline V2.
Refreshing native plugins compatible for Editor in 29.63 ms, found 1 plugins.
Preloading 0 native plugins for Editor in 0.00 ms.
Initialize engine version: 2020.3.7f1 (dd97f2c94397)
[Subsystems] Discovering subsystems at path C:/Program Files/Unity/Hub/Editor/2020.3.7f1/Editor/Data/Resources/UnitySubsystems
[Subsystems] Discovering subsystems at path C:/Users/qingw/OneDrive/Desktop/Wise-Clicks (WSS)/Wise-Clicks/Assets
GfxDevice: creating device client; threaded=0
Direct3D:
    Version:  Direct3D 11.0 [level 11.1]
    Renderer: NVIDIA GeForce RTX 4060 Laptop GPU (ID=0x28e0)
    Vendor:   
    VRAM:     7957 MB
    Driver:   32.0.15.6624
Initialize mono
Mono path[0] = 'C:/Program Files/Unity/Hub/Editor/2020.3.7f1/Editor/Data/Managed'
Mono path[1] = 'C:/Program Files/Unity/Hub/Editor/2020.3.7f1/Editor/Data/MonoBleedingEdge/lib/mono/unityjit'
Mono config path = 'C:/Program Files/Unity/Hub/Editor/2020.3.7f1/Editor/Data/MonoBleedingEdge/etc'
Using monoOptions --debugger-agent=transport=dt_socket,embedding=1,server=y,suspend=n,address=127.0.0.1:56944
Begin MonoManager ReloadAssembly
Registering precompiled unity dll's ...
Register platform support module: C:/Program Files/Unity/Hub/Editor/2020.3.7f1/Editor/Data/PlaybackEngines/WindowsStandaloneSupport/UnityEditor.WindowsStandalone.Extensions.dll
Registered in 0.001073 seconds.
Native extension for WindowsStandalone target not found
Refreshing native plugins compatible for Editor in 27.25 ms, found 1 plugins.
Preloading 0 native plugins for Editor in 0.00 ms.
Mono: successfully reloaded assembly
- Completed reload, in  1.825 seconds
Platform modules already initialized, skipping
Registering precompiled user dll's ...
Registered in 0.000757 seconds.
Begin MonoManager ReloadAssembly
Native extension for WindowsStandalone target not found
Refreshing native plugins compatible for Editor in 24.88 ms, found 1 plugins.
Preloading 0 native plugins for Editor in 0.00 ms.
Mono: successfully reloaded assembly
- Completed reload, in  0.609 seconds
Platform modules already initialized, skipping
========================================================================
Worker process is ready to serve import requests
Launched and connected shader compiler UnityShaderCompiler.exe after 0.05 seconds
Refreshing native plugins compatible for Editor in 0.44 ms, found 1 plugins.
Preloading 0 native plugins for Editor in 0.00 ms.
Unloading 1938 Unused Serialized files (Serialized files now loaded: 0)
System memory in use before: 90.4 MB.
System memory in use after: 90.5 MB.

Unloading 32 unused Assets to reduce memory usage. Loaded Objects now: 2373.
Total: 1.817400 ms (FindLiveObjects: 0.319700 ms CreateObjectMapping: 0.053600 ms MarkObjects: 1.373200 ms  DeleteObjects: 0.069800 ms)

========================================================================
Received Import Request.
  path: Assets/LeaderboardManager.cs
  artifactKey: Guid(0d8a491a2e22f99439718ceee90ec4ce) Importer(815301076,1909f56bfc062723c751e8b465ee728b)
Start importing Assets/LeaderboardManager.cs using Guid(0d8a491a2e22f99439718ceee90ec4ce) Importer(815301076,1909f56bfc062723c751e8b465ee728b)  -> (artifact id: 'f9e47c720aaa8b6fc681c66fe62886f3') in 0.066762 seconds
  Import took 0.071709 seconds .

AssetImportWorkerClient::OnTransportError - code=2 error=End of file
