Using pre-set license
Built from '2020.3/release' branch; Version is '2020.3.7f1 (dd97f2c94397) revision 14522354'; Using compiler version '192528614'; Build Type 'Release'
OS: 'Windows 10 Home; OS build 26100.4484; Version 2009; 64bit' Language: 'en' Physical Memory: 15674 MB
BatchMode: 1, IsHumanControllingUs: 0, StartBugReporterOnCrash: 0, Is64bit: 1, IsPro: 0

 COMMAND LINE ARGUMENTS:
C:\Program Files\Unity\Hub\Editor\2020.3.7f1\Editor\Unity.exe
-adb2
-batchMode
-noUpm
-name
AssetImportWorker0
-projectPath
C:/Projects/Wise-Clicks Unity/Wise-Clicks
-logFile
Logs/AssetImportWorker0.log
-srvPort
50914
Successfully changed project path to: C:/Projects/Wise-Clicks Unity/Wise-Clicks
C:/Projects/Wise-Clicks Unity/Wise-Clicks
Using Asset Import Pipeline V2.
Refreshing native plugins compatible for Editor in 32.66 ms, found 1 plugins.
Preloading 0 native plugins for Editor in 0.00 ms.
Initialize engine version: 2020.3.7f1 (dd97f2c94397)
[Subsystems] Discovering subsystems at path C:/Program Files/Unity/Hub/Editor/2020.3.7f1/Editor/Data/Resources/UnitySubsystems
[Subsystems] Discovering subsystems at path C:/Projects/Wise-Clicks Unity/Wise-Clicks/Assets
GfxDevice: creating device client; threaded=0
Direct3D:
    Version:  Direct3D 11.0 [level 11.1]
    Renderer: NVIDIA GeForce RTX 4060 Laptop GPU (ID=0x28e0)
    Vendor:   
    VRAM:     7957 MB
    Driver:   32.0.15.6624
Initialize mono
Mono path[0] = 'C:/Program Files/Unity/Hub/Editor/2020.3.7f1/Editor/Data/Managed'
Mono path[1] = 'C:/Program Files/Unity/Hub/Editor/2020.3.7f1/Editor/Data/MonoBleedingEdge/lib/mono/unityjit'
Mono config path = 'C:/Program Files/Unity/Hub/Editor/2020.3.7f1/Editor/Data/MonoBleedingEdge/etc'
Using monoOptions --debugger-agent=transport=dt_socket,embedding=1,server=y,suspend=n,address=127.0.0.1:56832
Begin MonoManager ReloadAssembly
Registering precompiled unity dll's ...
Register platform support module: C:/Program Files/Unity/Hub/Editor/2020.3.7f1/Editor/Data/PlaybackEngines/WindowsStandaloneSupport/UnityEditor.WindowsStandalone.Extensions.dll
Registered in 0.001587 seconds.
Native extension for WindowsStandalone target not found
Refreshing native plugins compatible for Editor in 25.14 ms, found 1 plugins.
Preloading 0 native plugins for Editor in 0.00 ms.
Mono: successfully reloaded assembly
- Completed reload, in  2.112 seconds
Platform modules already initialized, skipping
Registering precompiled user dll's ...
Registered in 0.000852 seconds.
Begin MonoManager ReloadAssembly
Native extension for WindowsStandalone target not found
Refreshing native plugins compatible for Editor in 31.05 ms, found 1 plugins.
Preloading 0 native plugins for Editor in 0.00 ms.
Mono: successfully reloaded assembly
- Completed reload, in  0.612 seconds
Platform modules already initialized, skipping
========================================================================
Worker process is ready to serve import requests
Launched and connected shader compiler UnityShaderCompiler.exe after 0.05 seconds
Refreshing native plugins compatible for Editor in 0.39 ms, found 1 plugins.
Preloading 0 native plugins for Editor in 0.00 ms.
Unloading 1938 Unused Serialized files (Serialized files now loaded: 0)
System memory in use before: 90.7 MB.
System memory in use after: 90.8 MB.

Unloading 32 unused Assets to reduce memory usage. Loaded Objects now: 2374.
Total: 1.902900 ms (FindLiveObjects: 0.269200 ms CreateObjectMapping: 0.063500 ms MarkObjects: 1.500900 ms  DeleteObjects: 0.068300 ms)

========================================================================
Received Import Request.
  path: Assets/UI_Elements/Buttons/Replay Btn.png
  artifactKey: Guid(1c7ffb974cc2765488439c6e91d2d089) Importer(815301076,1909f56bfc062723c751e8b465ee728b)
Start importing Assets/UI_Elements/Buttons/Replay Btn.png using Guid(1c7ffb974cc2765488439c6e91d2d089) Importer(815301076,1909f56bfc062723c751e8b465ee728b)  -> (artifact id: '759814b9e1216050bb9f3740123990f9') in 0.162901 seconds
  Import took 0.166013 seconds .

========================================================================
Received Import Request.
  Time since last request: 9.426217 seconds.
  path: Assets/UI_Elements/Game Map/Call 1.png
  artifactKey: Guid(35243a08d68e91b40a79a71ce9abb035) Importer(815301076,1909f56bfc062723c751e8b465ee728b)
Start importing Assets/UI_Elements/Game Map/Call 1.png using Guid(35243a08d68e91b40a79a71ce9abb035) Importer(815301076,1909f56bfc062723c751e8b465ee728b)  -> (artifact id: '35423f568de076914ae4778146611d33') in 0.018429 seconds
  Import took 0.021323 seconds .

========================================================================
Received Import Request.
  Time since last request: 0.000229 seconds.
  path: Assets/UI_Elements/Game Map/Sms 1.png
  artifactKey: Guid(e736172ad7c363f4788751746d3ef1d7) Importer(815301076,1909f56bfc062723c751e8b465ee728b)
Start importing Assets/UI_Elements/Game Map/Sms 1.png using Guid(e736172ad7c363f4788751746d3ef1d7) Importer(815301076,1909f56bfc062723c751e8b465ee728b)  -> (artifact id: '9cc33e979c1fe23d758efba16ccceaa1') in 0.015629 seconds
  Import took 0.018022 seconds .

========================================================================
Received Import Request.
  Time since last request: 0.000239 seconds.
  path: Assets/UI_Elements/Game Map/Email 1.png
  artifactKey: Guid(7bc8ff5166259c443b53fc74d5f8479e) Importer(815301076,1909f56bfc062723c751e8b465ee728b)
Start importing Assets/UI_Elements/Game Map/Email 1.png using Guid(7bc8ff5166259c443b53fc74d5f8479e) Importer(815301076,1909f56bfc062723c751e8b465ee728b)  -> (artifact id: '5ade8b22f79848f10bf019ad424e185a') in 0.015474 seconds
  Import took 0.017746 seconds .

========================================================================
Received Import Request.
  Time since last request: 0.000214 seconds.
  path: Assets/UI_Elements/Game Map/Web.png
  artifactKey: Guid(fbc3a9aeede7fa047850b8196c2e7ad3) Importer(815301076,1909f56bfc062723c751e8b465ee728b)
Start importing Assets/UI_Elements/Game Map/Web.png using Guid(fbc3a9aeede7fa047850b8196c2e7ad3) Importer(815301076,1909f56bfc062723c751e8b465ee728b)  -> (artifact id: '82190d503f8bd81aa31cc63ba40bd99e') in 0.017471 seconds
  Import took 0.020015 seconds .

========================================================================
Received Import Request.
  Time since last request: 0.002926 seconds.
  path: Assets/UI_Elements/Game Map/Web.png
  artifactKey: Guid(fbc3a9aeede7fa047850b8196c2e7ad3) Importer(815301076,1909f56bfc062723c751e8b465ee728b)
Start importing Assets/UI_Elements/Game Map/Web.png using Guid(fbc3a9aeede7fa047850b8196c2e7ad3) Importer(815301076,1909f56bfc062723c751e8b465ee728b)  -> (artifact id: '82190d503f8bd81aa31cc63ba40bd99e') in 0.015122 seconds
  Import took 0.018199 seconds .

========================================================================
Received Import Request.
  Time since last request: 452.156783 seconds.
  path: Assets/Call.png
  artifactKey: Guid(a776dd5f35a17a747bcaea24c61ffa24) Importer(815301076,1909f56bfc062723c751e8b465ee728b)
Start importing Assets/Call.png using Guid(a776dd5f35a17a747bcaea24c61ffa24) Importer(815301076,1909f56bfc062723c751e8b465ee728b)  -> (artifact id: '278b264eb2be8463c30e7570b83df24b') in 0.015482 seconds
  Import took 0.018313 seconds .

========================================================================
Received Import Request.
  Time since last request: 0.000216 seconds.
  path: Assets/Web.png
  artifactKey: Guid(cee191f214766aa4b9095d08a8aad13c) Importer(815301076,1909f56bfc062723c751e8b465ee728b)
Start importing Assets/Web.png using Guid(cee191f214766aa4b9095d08a8aad13c) Importer(815301076,1909f56bfc062723c751e8b465ee728b)  -> (artifact id: '6ab3be51dd7f1d8a13a65c9f312fb041') in 0.015252 seconds
  Import took 0.017864 seconds .

========================================================================
Received Import Request.
  Time since last request: 0.000232 seconds.
  path: Assets/Email.png
  artifactKey: Guid(198db673ba487474586e76896daef8f3) Importer(815301076,1909f56bfc062723c751e8b465ee728b)
Start importing Assets/Email.png using Guid(198db673ba487474586e76896daef8f3) Importer(815301076,1909f56bfc062723c751e8b465ee728b)  -> (artifact id: '1091280f3feaf7b0a48ed954ba0fd7b4') in 0.015468 seconds
  Import took 0.017895 seconds .

========================================================================
Received Import Request.
  Time since last request: 0.000214 seconds.
  path: Assets/Sms.png
  artifactKey: Guid(2b68f432e5d7aef4cab1583fa606fba5) Importer(815301076,1909f56bfc062723c751e8b465ee728b)
Start importing Assets/Sms.png using Guid(2b68f432e5d7aef4cab1583fa606fba5) Importer(815301076,1909f56bfc062723c751e8b465ee728b)  -> (artifact id: 'abaf6118fd8ba4bb434da1a9b7eef741') in 0.014408 seconds
  Import took 0.017249 seconds .

========================================================================
Received Import Request.
  Time since last request: 18.699526 seconds.
  path: Assets/UI_Elements/Game Map/Call.png
  artifactKey: Guid(9a975d690daeb554ea4e5a838a285765) Importer(815301076,1909f56bfc062723c751e8b465ee728b)
Start importing Assets/UI_Elements/Game Map/Call.png using Guid(9a975d690daeb554ea4e5a838a285765) Importer(815301076,1909f56bfc062723c751e8b465ee728b)  -> (artifact id: '7e61165465d878fb41f340683ca925b9') in 0.017506 seconds
  Import took 0.020094 seconds .

========================================================================
Received Import Request.
  Time since last request: 0.000587 seconds.
  path: Assets/UI_Elements/Game Map/Sms 1.png
  artifactKey: Guid(e736172ad7c363f4788751746d3ef1d7) Importer(815301076,1909f56bfc062723c751e8b465ee728b)
Start importing Assets/UI_Elements/Game Map/Sms 1.png using Guid(e736172ad7c363f4788751746d3ef1d7) Importer(815301076,1909f56bfc062723c751e8b465ee728b)  -> (artifact id: 'df7855449e25b12770415f58bf63f02f') in 0.015573 seconds
  Import took 0.018918 seconds .

========================================================================
Received Import Request.
  Time since last request: 0.000221 seconds.
  path: Assets/UI_Elements/Game Map/Web 1.png
  artifactKey: Guid(429bea48151055a4d8a63be8534d266c) Importer(815301076,1909f56bfc062723c751e8b465ee728b)
Start importing Assets/UI_Elements/Game Map/Web 1.png using Guid(429bea48151055a4d8a63be8534d266c) Importer(815301076,1909f56bfc062723c751e8b465ee728b)  -> (artifact id: '702cfaa2f357cc18b5a8c694b4c0e615') in 0.016910 seconds
  Import took 0.019813 seconds .

========================================================================
Received Import Request.
  Time since last request: 0.000203 seconds.
  path: Assets/UI_Elements/Game Map/Email 1.png
  artifactKey: Guid(7bc8ff5166259c443b53fc74d5f8479e) Importer(815301076,1909f56bfc062723c751e8b465ee728b)
Start importing Assets/UI_Elements/Game Map/Email 1.png using Guid(7bc8ff5166259c443b53fc74d5f8479e) Importer(815301076,1909f56bfc062723c751e8b465ee728b)  -> (artifact id: 'b168527ddb7e8f641f950a269455135c') in 0.014713 seconds
  Import took 0.017313 seconds .

========================================================================
Received Import Request.
  Time since last request: 0.000239 seconds.
  path: Assets/UI_Elements/Game Map/Web 1.png
  artifactKey: Guid(429bea48151055a4d8a63be8534d266c) Importer(815301076,1909f56bfc062723c751e8b465ee728b)
Start importing Assets/UI_Elements/Game Map/Web 1.png using Guid(429bea48151055a4d8a63be8534d266c) Importer(815301076,1909f56bfc062723c751e8b465ee728b)  -> (artifact id: '702cfaa2f357cc18b5a8c694b4c0e615') in 0.014758 seconds
  Import took 0.017551 seconds .

========================================================================
Received Import Request.
  Time since last request: 50.109572 seconds.
  path: Assets/UI_Elements/Game Map/Web.png
  artifactKey: Guid(429bea48151055a4d8a63be8534d266c) Importer(815301076,1909f56bfc062723c751e8b465ee728b)
Start importing Assets/UI_Elements/Game Map/Web.png using Guid(429bea48151055a4d8a63be8534d266c) Importer(815301076,1909f56bfc062723c751e8b465ee728b)  -> (artifact id: '787ecbae36912d25a6baa1d40b831f81') in 0.020755 seconds
  Import took 0.024085 seconds .

========================================================================
Received Import Request.
  Time since last request: 124.859512 seconds.
  path: Assets/UI_Elements/Game Map/LevelSelection.png
  artifactKey: Guid(06eab8601c626794db0602a71098c880) Importer(815301076,1909f56bfc062723c751e8b465ee728b)
Start importing Assets/UI_Elements/Game Map/LevelSelection.png using Guid(06eab8601c626794db0602a71098c880) Importer(815301076,1909f56bfc062723c751e8b465ee728b)  -> (artifact id: '1c0b8a62d27ce0d08bb2faf1d112cbde') in 0.015900 seconds
  Import took 0.018976 seconds .

========================================================================
Received Prepare
Registering precompiled user dll's ...
Registered in 0.000893 seconds.
Begin MonoManager ReloadAssembly
Native extension for WindowsStandalone target not found
Refreshing native plugins compatible for Editor in 0.40 ms, found 1 plugins.
Preloading 0 native plugins for Editor in 0.00 ms.
Mono: successfully reloaded assembly
- Completed reload, in  0.500 seconds
Platform modules already initialized, skipping
Switching build target platform(5) subTarget(0) extendedPlatform(0) -> platform(13) subTarget(537395200) extendedPlatform(0)
Refreshing native plugins compatible for Editor in 0.39 ms, found 1 plugins.
Preloading 0 native plugins for Editor in 0.00 ms.
Unloading 1918 Unused Serialized files (Serialized files now loaded: 0)
System memory in use before: 91.8 MB.
System memory in use after: 91.9 MB.

Unloading 20 unused Assets to reduce memory usage. Loaded Objects now: 2388.
Total: 1.579300 ms (FindLiveObjects: 0.196200 ms CreateObjectMapping: 0.032100 ms MarkObjects: 1.332000 ms  DeleteObjects: 0.017600 ms)

AssetImportParameters requested are different than current active one (requested -> active):
  custom:graphics/normal-map-encoding: 01000000000000000000000000000000 -> 02000000000000000000000000000000
========================================================================
Received Prepare
Registering precompiled user dll's ...
Registered in 0.000861 seconds.
Begin MonoManager ReloadAssembly
Native extension for WindowsStandalone target not found
Refreshing native plugins compatible for Editor in 0.42 ms, found 1 plugins.
Preloading 0 native plugins for Editor in 0.00 ms.
Mono: successfully reloaded assembly
- Completed reload, in  0.498 seconds
Platform modules already initialized, skipping
Switching build target platform(5) subTarget(0) extendedPlatform(0) -> platform(13) subTarget(537395200) extendedPlatform(0)
Refreshing native plugins compatible for Editor in 0.44 ms, found 1 plugins.
Preloading 0 native plugins for Editor in 0.00 ms.
Unloading 1918 Unused Serialized files (Serialized files now loaded: 0)
System memory in use before: 91.8 MB.
System memory in use after: 92.0 MB.

Unloading 20 unused Assets to reduce memory usage. Loaded Objects now: 2392.
Total: 1.699100 ms (FindLiveObjects: 0.209600 ms CreateObjectMapping: 0.047500 ms MarkObjects: 1.424000 ms  DeleteObjects: 0.017000 ms)

AssetImportParameters requested are different than current active one (requested -> active):
  custom:graphics/normal-map-encoding: 01000000000000000000000000000000 -> 02000000000000000000000000000000
========================================================================
Received Prepare
Registering precompiled user dll's ...
Registered in 0.000860 seconds.
Begin MonoManager ReloadAssembly
Native extension for WindowsStandalone target not found
Refreshing native plugins compatible for Editor in 0.45 ms, found 1 plugins.
Preloading 0 native plugins for Editor in 0.00 ms.
Mono: successfully reloaded assembly
- Completed reload, in  0.523 seconds
Platform modules already initialized, skipping
Switching build target platform(5) subTarget(0) extendedPlatform(0) -> platform(13) subTarget(537395200) extendedPlatform(0)
Refreshing native plugins compatible for Editor in 0.47 ms, found 1 plugins.
Preloading 0 native plugins for Editor in 0.00 ms.
Unloading 1918 Unused Serialized files (Serialized files now loaded: 0)
System memory in use before: 91.9 MB.
System memory in use after: 92.0 MB.

Unloading 20 unused Assets to reduce memory usage. Loaded Objects now: 2396.
Total: 1.650800 ms (FindLiveObjects: 0.201100 ms CreateObjectMapping: 0.046700 ms MarkObjects: 1.383400 ms  DeleteObjects: 0.018400 ms)

AssetImportParameters requested are different than current active one (requested -> active):
  custom:graphics/normal-map-encoding: 01000000000000000000000000000000 -> 02000000000000000000000000000000
========================================================================
Received Prepare
Registering precompiled user dll's ...
Registered in 0.001007 seconds.
Begin MonoManager ReloadAssembly
Native extension for WindowsStandalone target not found
Refreshing native plugins compatible for Editor in 0.47 ms, found 1 plugins.
Preloading 0 native plugins for Editor in 0.00 ms.
Mono: successfully reloaded assembly
- Completed reload, in  0.639 seconds
Platform modules already initialized, skipping
Switching build target platform(5) subTarget(0) extendedPlatform(0) -> platform(13) subTarget(537395200) extendedPlatform(0)
Refreshing native plugins compatible for Editor in 0.90 ms, found 1 plugins.
Preloading 0 native plugins for Editor in 0.00 ms.
Unloading 1918 Unused Serialized files (Serialized files now loaded: 0)
System memory in use before: 91.9 MB.
System memory in use after: 92.0 MB.

Unloading 20 unused Assets to reduce memory usage. Loaded Objects now: 2400.
Total: 2.398300 ms (FindLiveObjects: 0.238600 ms CreateObjectMapping: 0.032600 ms MarkObjects: 2.107400 ms  DeleteObjects: 0.018600 ms)

AssetImportParameters requested are different than current active one (requested -> active):
  custom:graphics/normal-map-encoding: 01000000000000000000000000000000 -> 02000000000000000000000000000000
========================================================================
Received Prepare
Registering precompiled user dll's ...
Registered in 0.000846 seconds.
Begin MonoManager ReloadAssembly
Native extension for WindowsStandalone target not found
Refreshing native plugins compatible for Editor in 0.55 ms, found 1 plugins.
Preloading 0 native plugins for Editor in 0.00 ms.
Mono: successfully reloaded assembly
- Completed reload, in  0.521 seconds
Platform modules already initialized, skipping
Switching build target platform(5) subTarget(0) extendedPlatform(0) -> platform(13) subTarget(537395200) extendedPlatform(0)
Refreshing native plugins compatible for Editor in 0.41 ms, found 1 plugins.
Preloading 0 native plugins for Editor in 0.00 ms.
Unloading 1918 Unused Serialized files (Serialized files now loaded: 0)
System memory in use before: 91.9 MB.
System memory in use after: 92.0 MB.

Unloading 20 unused Assets to reduce memory usage. Loaded Objects now: 2404.
Total: 1.637100 ms (FindLiveObjects: 0.215700 ms CreateObjectMapping: 0.045600 ms MarkObjects: 1.357300 ms  DeleteObjects: 0.017200 ms)

AssetImportParameters requested are different than current active one (requested -> active):
  custom:graphics/normal-map-encoding: 01000000000000000000000000000000 -> 02000000000000000000000000000000
========================================================================
Received Prepare
Registering precompiled user dll's ...
Registered in 0.000861 seconds.
Begin MonoManager ReloadAssembly
Native extension for WindowsStandalone target not found
Refreshing native plugins compatible for Editor in 0.43 ms, found 1 plugins.
Preloading 0 native plugins for Editor in 0.00 ms.
Mono: successfully reloaded assembly
- Completed reload, in  0.531 seconds
Platform modules already initialized, skipping
Switching build target platform(5) subTarget(0) extendedPlatform(0) -> platform(13) subTarget(537395200) extendedPlatform(0)
Refreshing native plugins compatible for Editor in 0.44 ms, found 1 plugins.
Preloading 0 native plugins for Editor in 0.00 ms.
Unloading 1918 Unused Serialized files (Serialized files now loaded: 0)
System memory in use before: 91.9 MB.
System memory in use after: 92.0 MB.

Unloading 20 unused Assets to reduce memory usage. Loaded Objects now: 2408.
Total: 1.825800 ms (FindLiveObjects: 0.220200 ms CreateObjectMapping: 0.049000 ms MarkObjects: 1.535400 ms  DeleteObjects: 0.020200 ms)

AssetImportParameters requested are different than current active one (requested -> active):
  custom:graphics/normal-map-encoding: 01000000000000000000000000000000 -> 02000000000000000000000000000000
========================================================================
Received Import Request.
  Time since last request: 441.353366 seconds.
  path: Assets/UI_Prefabs/FullStars.prefab
  artifactKey: Guid(bdbf464e623553248bebab9b6d3df608) Importer(815301076,1909f56bfc062723c751e8b465ee728b)
Start importing Assets/UI_Prefabs/FullStars.prefab using Guid(bdbf464e623553248bebab9b6d3df608) Importer(815301076,1909f56bfc062723c751e8b465ee728b)  -> (artifact id: '9211284ede8e0b8ebd0ee2b80a068c05') in 0.034912 seconds
  Import took 0.038219 seconds .

========================================================================
Received Import Request.
  Time since last request: 1.550003 seconds.
  path: Assets/UI_Prefabs/FullStars.prefab
  artifactKey: Guid(bdbf464e623553248bebab9b6d3df608) Importer(815301076,1909f56bfc062723c751e8b465ee728b)
Start importing Assets/UI_Prefabs/FullStars.prefab using Guid(bdbf464e623553248bebab9b6d3df608) Importer(815301076,1909f56bfc062723c751e8b465ee728b)  -> (artifact id: '330952590a3199974a11993f55fa3089') in 0.004117 seconds
  Import took 0.007014 seconds .

========================================================================
Received Import Request.
  Time since last request: 0.999876 seconds.
  path: Assets/UI_Prefabs/FullStars.prefab
  artifactKey: Guid(bdbf464e623553248bebab9b6d3df608) Importer(815301076,1909f56bfc062723c751e8b465ee728b)
Start importing Assets/UI_Prefabs/FullStars.prefab using Guid(bdbf464e623553248bebab9b6d3df608) Importer(815301076,1909f56bfc062723c751e8b465ee728b)  -> (artifact id: '9c4d94be7b5e32f04efe699a888c94c9') in 0.004397 seconds
  Import took 0.007203 seconds .

========================================================================
Received Prepare
Registering precompiled user dll's ...
Registered in 0.001299 seconds.
Begin MonoManager ReloadAssembly
Native extension for WindowsStandalone target not found
Refreshing native plugins compatible for Editor in 0.40 ms, found 1 plugins.
Preloading 0 native plugins for Editor in 0.00 ms.
Mono: successfully reloaded assembly
- Completed reload, in  0.573 seconds
Platform modules already initialized, skipping
Switching build target platform(5) subTarget(0) extendedPlatform(0) -> platform(13) subTarget(537395200) extendedPlatform(0)
Refreshing native plugins compatible for Editor in 0.54 ms, found 1 plugins.
Preloading 0 native plugins for Editor in 0.00 ms.
Unloading 1918 Unused Serialized files (Serialized files now loaded: 0)
System memory in use before: 91.9 MB.
System memory in use after: 92.0 MB.

Unloading 20 unused Assets to reduce memory usage. Loaded Objects now: 2412.
Total: 1.594400 ms (FindLiveObjects: 0.227100 ms CreateObjectMapping: 0.045900 ms MarkObjects: 1.298400 ms  DeleteObjects: 0.022000 ms)

AssetImportParameters requested are different than current active one (requested -> active):
  custom:graphics/normal-map-encoding: 01000000000000000000000000000000 -> 02000000000000000000000000000000
========================================================================
Received Import Request.
  Time since last request: 25.608257 seconds.
  path: Assets/UI_Prefabs/HalfStars.prefab
  artifactKey: Guid(ad829520fd21d7145b8b9616cba5bd6f) Importer(815301076,1909f56bfc062723c751e8b465ee728b)
Start importing Assets/UI_Prefabs/HalfStars.prefab using Guid(ad829520fd21d7145b8b9616cba5bd6f) Importer(815301076,1909f56bfc062723c751e8b465ee728b)  -> (artifact id: 'dd8fe02956b4a563ebf0f579cef7795a') in 0.030368 seconds
  Import took 0.033524 seconds .

========================================================================
Received Import Request.
  Time since last request: 1.538886 seconds.
  path: Assets/UI_Prefabs/HalfStars.prefab
  artifactKey: Guid(ad829520fd21d7145b8b9616cba5bd6f) Importer(815301076,1909f56bfc062723c751e8b465ee728b)
Start importing Assets/UI_Prefabs/HalfStars.prefab using Guid(ad829520fd21d7145b8b9616cba5bd6f) Importer(815301076,1909f56bfc062723c751e8b465ee728b)  -> (artifact id: '93408be41eb9e7bc75f3cdcdb808ecb3') in 0.004463 seconds
  Import took 0.007187 seconds .

========================================================================
Received Import Request.
  Time since last request: 0.799237 seconds.
  path: Assets/UI_Prefabs/HalfStars.prefab
  artifactKey: Guid(ad829520fd21d7145b8b9616cba5bd6f) Importer(815301076,1909f56bfc062723c751e8b465ee728b)
Start importing Assets/UI_Prefabs/HalfStars.prefab using Guid(ad829520fd21d7145b8b9616cba5bd6f) Importer(815301076,1909f56bfc062723c751e8b465ee728b)  -> (artifact id: 'd996d57c512192d5f1158e0621b3f624') in 0.004303 seconds
  Import took 0.007633 seconds .

========================================================================
Received Import Request.
  Time since last request: 4.670894 seconds.
  path: Assets/UI_Prefabs/NoStar.prefab
  artifactKey: Guid(8712531420b1c0146974383de6d97b9d) Importer(815301076,1909f56bfc062723c751e8b465ee728b)
Start importing Assets/UI_Prefabs/NoStar.prefab using Guid(8712531420b1c0146974383de6d97b9d) Importer(815301076,1909f56bfc062723c751e8b465ee728b)  -> (artifact id: 'b879281bc8cd390a648d2c46f2dcde1d') in 0.013360 seconds
  Import took 0.016373 seconds .

========================================================================
Received Import Request.
  Time since last request: 0.573581 seconds.
  path: Assets/UI_Prefabs/NoStar.prefab
  artifactKey: Guid(8712531420b1c0146974383de6d97b9d) Importer(815301076,1909f56bfc062723c751e8b465ee728b)
Start importing Assets/UI_Prefabs/NoStar.prefab using Guid(8712531420b1c0146974383de6d97b9d) Importer(815301076,1909f56bfc062723c751e8b465ee728b)  -> (artifact id: 'e0c9ffff1a91dac214a89b1eaf894e7a') in 0.003851 seconds
  Import took 0.006632 seconds .

========================================================================
Received Import Request.
  Time since last request: 0.796851 seconds.
  path: Assets/UI_Prefabs/NoStar.prefab
  artifactKey: Guid(8712531420b1c0146974383de6d97b9d) Importer(815301076,1909f56bfc062723c751e8b465ee728b)
Start importing Assets/UI_Prefabs/NoStar.prefab using Guid(8712531420b1c0146974383de6d97b9d) Importer(815301076,1909f56bfc062723c751e8b465ee728b)  -> (artifact id: '5f50d2ebb4ef8e3b16e377dab5421c6d') in 0.003475 seconds
  Import took 0.006238 seconds .

========================================================================
Received Prepare
Registering precompiled user dll's ...
Registered in 0.000846 seconds.
Begin MonoManager ReloadAssembly
Native extension for WindowsStandalone target not found
Refreshing native plugins compatible for Editor in 0.45 ms, found 1 plugins.
Preloading 0 native plugins for Editor in 0.00 ms.
Mono: successfully reloaded assembly
- Completed reload, in  0.556 seconds
Platform modules already initialized, skipping
Switching build target platform(5) subTarget(0) extendedPlatform(0) -> platform(13) subTarget(537395200) extendedPlatform(0)
Refreshing native plugins compatible for Editor in 0.41 ms, found 1 plugins.
Preloading 0 native plugins for Editor in 0.00 ms.
Unloading 1918 Unused Serialized files (Serialized files now loaded: 0)
System memory in use before: 91.9 MB.
System memory in use after: 92.0 MB.

Unloading 20 unused Assets to reduce memory usage. Loaded Objects now: 2416.
Total: 1.801600 ms (FindLiveObjects: 0.220000 ms CreateObjectMapping: 0.041400 ms MarkObjects: 1.523600 ms  DeleteObjects: 0.015800 ms)

AssetImportParameters requested are different than current active one (requested -> active):
  custom:graphics/normal-map-encoding: 01000000000000000000000000000000 -> 02000000000000000000000000000000
========================================================================
Received Import Request.
  Time since last request: 14.147354 seconds.
  path: Assets/UI_Prefabs/OneStar.prefab
  artifactKey: Guid(bb3d4afc677e1c34b8893ea0789ffeee) Importer(815301076,1909f56bfc062723c751e8b465ee728b)
Start importing Assets/UI_Prefabs/OneStar.prefab using Guid(bb3d4afc677e1c34b8893ea0789ffeee) Importer(815301076,1909f56bfc062723c751e8b465ee728b)  -> (artifact id: '698d7132331131837bef5d1bdc8ed016') in 0.032933 seconds
  Import took 0.035901 seconds .

========================================================================
Received Import Request.
  Time since last request: 0.296215 seconds.
  path: Assets/UI_Prefabs/OneStar.prefab
  artifactKey: Guid(bb3d4afc677e1c34b8893ea0789ffeee) Importer(815301076,1909f56bfc062723c751e8b465ee728b)
Start importing Assets/UI_Prefabs/OneStar.prefab using Guid(bb3d4afc677e1c34b8893ea0789ffeee) Importer(815301076,1909f56bfc062723c751e8b465ee728b)  -> (artifact id: '8b763d7458d4715215bd1341ce05efc1') in 0.003574 seconds
  Import took 0.006310 seconds .

========================================================================
Received Prepare
Registering precompiled user dll's ...
Registered in 0.000837 seconds.
Begin MonoManager ReloadAssembly
Native extension for WindowsStandalone target not found
Refreshing native plugins compatible for Editor in 0.46 ms, found 1 plugins.
Preloading 0 native plugins for Editor in 0.00 ms.
Mono: successfully reloaded assembly
- Completed reload, in  0.543 seconds
Platform modules already initialized, skipping
Switching build target platform(5) subTarget(0) extendedPlatform(0) -> platform(13) subTarget(537395200) extendedPlatform(0)
Refreshing native plugins compatible for Editor in 0.40 ms, found 1 plugins.
Preloading 0 native plugins for Editor in 0.00 ms.
Unloading 1918 Unused Serialized files (Serialized files now loaded: 0)
System memory in use before: 91.9 MB.
System memory in use after: 92.1 MB.

Unloading 20 unused Assets to reduce memory usage. Loaded Objects now: 2420.
Total: 1.545900 ms (FindLiveObjects: 0.202500 ms CreateObjectMapping: 0.046400 ms MarkObjects: 1.278500 ms  DeleteObjects: 0.017500 ms)

AssetImportParameters requested are different than current active one (requested -> active):
  custom:graphics/normal-map-encoding: 01000000000000000000000000000000 -> 02000000000000000000000000000000
========================================================================
Received Prepare
Registering precompiled user dll's ...
Registered in 0.115183 seconds.
Begin MonoManager ReloadAssembly
Native extension for WindowsStandalone target not found
Refreshing native plugins compatible for Editor in 0.41 ms, found 1 plugins.
Preloading 0 native plugins for Editor in 0.00 ms.
Mono: successfully reloaded assembly
- Completed reload, in  8.535 seconds
Platform modules already initialized, skipping
Switching build target platform(5) subTarget(0) extendedPlatform(0) -> platform(13) subTarget(537395200) extendedPlatform(0)
Refreshing native plugins compatible for Editor in 0.41 ms, found 1 plugins.
Preloading 0 native plugins for Editor in 0.00 ms.
Unloading 1918 Unused Serialized files (Serialized files now loaded: 0)
System memory in use before: 91.9 MB.
System memory in use after: 92.1 MB.

Unloading 20 unused Assets to reduce memory usage. Loaded Objects now: 2424.
Total: 1.923600 ms (FindLiveObjects: 0.203500 ms CreateObjectMapping: 0.045000 ms MarkObjects: 1.656000 ms  DeleteObjects: 0.017900 ms)

AssetImportParameters requested are different than current active one (requested -> active):
  custom:graphics/normal-map-encoding: 01000000000000000000000000000000 -> 02000000000000000000000000000000
========================================================================
Received Prepare
Registering precompiled user dll's ...
Registered in 0.000835 seconds.
Begin MonoManager ReloadAssembly
Native extension for WindowsStandalone target not found
Refreshing native plugins compatible for Editor in 0.45 ms, found 1 plugins.
Preloading 0 native plugins for Editor in 0.00 ms.
Mono: successfully reloaded assembly
- Completed reload, in  0.543 seconds
Platform modules already initialized, skipping
Switching build target platform(5) subTarget(0) extendedPlatform(0) -> platform(13) subTarget(537395200) extendedPlatform(0)
Refreshing native plugins compatible for Editor in 0.43 ms, found 1 plugins.
Preloading 0 native plugins for Editor in 0.00 ms.
Unloading 1918 Unused Serialized files (Serialized files now loaded: 0)
System memory in use before: 92.0 MB.
System memory in use after: 92.1 MB.

Unloading 20 unused Assets to reduce memory usage. Loaded Objects now: 2428.
Total: 1.601600 ms (FindLiveObjects: 0.176800 ms CreateObjectMapping: 0.030300 ms MarkObjects: 1.376900 ms  DeleteObjects: 0.016400 ms)

AssetImportParameters requested are different than current active one (requested -> active):
  custom:graphics/normal-map-encoding: 01000000000000000000000000000000 -> 02000000000000000000000000000000
========================================================================
Received Import Request.
  Time since last request: 182.526189 seconds.
  path: Assets/Scenes/LevelScene.unity
  artifactKey: Guid(2cda990e2423bbf4892e6590ba056729) Importer(815301076,1909f56bfc062723c751e8b465ee728b)
Start importing Assets/Scenes/LevelScene.unity using Guid(2cda990e2423bbf4892e6590ba056729) Importer(815301076,1909f56bfc062723c751e8b465ee728b)  -> (artifact id: 'f2719c0400fa779bf4d7989590393bad') in 0.020178 seconds
  Import took 0.023275 seconds .

========================================================================
Received Prepare
Registering precompiled user dll's ...
Registered in 0.001191 seconds.
Begin MonoManager ReloadAssembly
Native extension for WindowsStandalone target not found
Refreshing native plugins compatible for Editor in 0.55 ms, found 1 plugins.
Preloading 0 native plugins for Editor in 0.00 ms.
Mono: successfully reloaded assembly
- Completed reload, in  0.776 seconds
Platform modules already initialized, skipping
Switching build target platform(5) subTarget(0) extendedPlatform(0) -> platform(13) subTarget(537395200) extendedPlatform(0)
Refreshing native plugins compatible for Editor in 0.68 ms, found 1 plugins.
Preloading 0 native plugins for Editor in 0.00 ms.
Unloading 1918 Unused Serialized files (Serialized files now loaded: 0)
System memory in use before: 92.0 MB.
System memory in use after: 92.1 MB.

Unloading 20 unused Assets to reduce memory usage. Loaded Objects now: 2432.
Total: 2.221600 ms (FindLiveObjects: 0.215200 ms CreateObjectMapping: 0.027100 ms MarkObjects: 1.956700 ms  DeleteObjects: 0.021400 ms)

AssetImportParameters requested are different than current active one (requested -> active):
  custom:graphics/normal-map-encoding: 01000000000000000000000000000000 -> 02000000000000000000000000000000
AssetImportWorkerClient::OnTransportError - code=2 error=End of file
